Archive member included to satisfy reference by file (symbol)

c:/天问block/twen32/tools/gcc-arm/bin/../lib/gcc/arm-none-eabi/5.2.1/../../../../arm-none-eabi/lib/armv6-m\libstdc++_nano.a(atexit_arm.o)
                              obj/main.o (__aeabi_atexit)
c:/天问block/twen32/tools/gcc-arm/bin/../lib/gcc/arm-none-eabi/5.2.1/../../../../arm-none-eabi/lib/armv6-m\libstdc++_nano.a(pure.o)
                              obj/Print.o (__cxa_pure_virtual)
c:/天问block/twen32/tools/gcc-arm/bin/../lib/gcc/arm-none-eabi/5.2.1/../../../../arm-none-eabi/lib/armv6-m\libstdc++_nano.a(eh_terminate.o)
                              c:/天问block/twen32/tools/gcc-arm/bin/../lib/gcc/arm-none-eabi/5.2.1/../../../../arm-none-eabi/lib/armv6-m\libstdc++_nano.a(pure.o) (std::terminate())
c:/天问block/twen32/tools/gcc-arm/bin/../lib/gcc/arm-none-eabi/5.2.1/../../../../arm-none-eabi/lib/armv6-m\libstdc++_nano.a(eh_term_handler.o)
                              c:/天问block/twen32/tools/gcc-arm/bin/../lib/gcc/arm-none-eabi/5.2.1/../../../../arm-none-eabi/lib/armv6-m\libstdc++_nano.a(eh_terminate.o) (__cxxabiv1::__terminate_handler)
c:/天问block/twen32/tools/gcc-arm/bin/../lib/gcc/arm-none-eabi/5.2.1/../../../../arm-none-eabi/lib/armv6-m\libstdc++_nano.a(eh_unex_handler.o)
                              c:/天问block/twen32/tools/gcc-arm/bin/../lib/gcc/arm-none-eabi/5.2.1/../../../../arm-none-eabi/lib/armv6-m\libstdc++_nano.a(eh_terminate.o) (__cxxabiv1::__unexpected_handler)
c:/天问block/twen32/tools/gcc-arm/bin/../lib/gcc/arm-none-eabi/5.2.1/../../../../arm-none-eabi/lib/armv6-m\libstdc++_nano.a(vterminate.o)
                              c:/天问block/twen32/tools/gcc-arm/bin/../lib/gcc/arm-none-eabi/5.2.1/../../../../arm-none-eabi/lib/armv6-m\libstdc++_nano.a(eh_term_handler.o) (__gnu_cxx::__verbose_terminate_handler())
c:/天问block/twen32/tools/gcc-arm/bin/../lib/gcc/arm-none-eabi/5.2.1/../../../../arm-none-eabi/lib/armv6-m\libstdc++_nano.a(cp-demangle.o)
                              c:/天问block/twen32/tools/gcc-arm/bin/../lib/gcc/arm-none-eabi/5.2.1/../../../../arm-none-eabi/lib/armv6-m\libstdc++_nano.a(vterminate.o) (__cxa_demangle)
c:/天问block/twen32/tools/gcc-arm/bin/../lib/gcc/arm-none-eabi/5.2.1/../../../../arm-none-eabi/lib/armv6-m\libstdc++_nano.a(eh_type.o)
                              c:/天问block/twen32/tools/gcc-arm/bin/../lib/gcc/arm-none-eabi/5.2.1/../../../../arm-none-eabi/lib/armv6-m\libstdc++_nano.a(vterminate.o) (__cxa_current_exception_type)
c:/天问block/twen32/tools/gcc-arm/bin/../lib/gcc/arm-none-eabi/5.2.1/../../../../arm-none-eabi/lib/armv6-m\libstdc++_nano.a(eh_globals.o)
                              c:/天问block/twen32/tools/gcc-arm/bin/../lib/gcc/arm-none-eabi/5.2.1/../../../../arm-none-eabi/lib/armv6-m\libstdc++_nano.a(eh_type.o) (__cxa_get_globals)
c:/天问block/twen32/tools/gcc-arm/bin/../lib/gcc/arm-none-eabi/5.2.1/../../../../arm-none-eabi/lib/armv6-m\libm.a(lib_a-s_fpclassify.o)
                              obj/Print.o (__fpclassifyd)
c:/天问block/twen32/tools/gcc-arm/bin/../lib/gcc/arm-none-eabi/5.2.1/armv6-m\libgcc.a(_thumb1_case_uqi.o)
                              obj/TW32f0xx_hal_rcc.o (__gnu_thumb1_case_uqi)
c:/天问block/twen32/tools/gcc-arm/bin/../lib/gcc/arm-none-eabi/5.2.1/armv6-m\libgcc.a(_udivsi3.o)
                              obj/TW32f0xx_hal.o (__aeabi_uidiv)
c:/天问block/twen32/tools/gcc-arm/bin/../lib/gcc/arm-none-eabi/5.2.1/armv6-m\libgcc.a(_dvmd_tls.o)
                              c:/天问block/twen32/tools/gcc-arm/bin/../lib/gcc/arm-none-eabi/5.2.1/armv6-m\libgcc.a(_udivsi3.o) (__aeabi_idiv0)
c:/天问block/twen32/tools/gcc-arm/bin/../lib/gcc/arm-none-eabi/5.2.1/armv6-m\libgcc.a(_arm_cmpdf2.o)
                              obj/Print.o (__aeabi_dcmplt)
c:/天问block/twen32/tools/gcc-arm/bin/../lib/gcc/arm-none-eabi/5.2.1/armv6-m\libgcc.a(_fixunsdfsi.o)
                              obj/Print.o (__aeabi_d2uiz)
c:/天问block/twen32/tools/gcc-arm/bin/../lib/gcc/arm-none-eabi/5.2.1/armv6-m\libgcc.a(mulsf3.o)
                              obj/Stream.o (__aeabi_fmul)
c:/天问block/twen32/tools/gcc-arm/bin/../lib/gcc/arm-none-eabi/5.2.1/armv6-m\libgcc.a(floatsisf.o)
                              obj/Stream.o (__aeabi_i2f)
c:/天问block/twen32/tools/gcc-arm/bin/../lib/gcc/arm-none-eabi/5.2.1/armv6-m\libgcc.a(adddf3.o)
                              obj/Print.o (__aeabi_dadd)
c:/天问block/twen32/tools/gcc-arm/bin/../lib/gcc/arm-none-eabi/5.2.1/armv6-m\libgcc.a(divdf3.o)
                              obj/Print.o (__aeabi_ddiv)
c:/天问block/twen32/tools/gcc-arm/bin/../lib/gcc/arm-none-eabi/5.2.1/armv6-m\libgcc.a(eqdf2.o)
                              c:/天问block/twen32/tools/gcc-arm/bin/../lib/gcc/arm-none-eabi/5.2.1/armv6-m\libgcc.a(_arm_cmpdf2.o) (__eqdf2)
c:/天问block/twen32/tools/gcc-arm/bin/../lib/gcc/arm-none-eabi/5.2.1/armv6-m\libgcc.a(gedf2.o)
                              c:/天问block/twen32/tools/gcc-arm/bin/../lib/gcc/arm-none-eabi/5.2.1/armv6-m\libgcc.a(_arm_cmpdf2.o) (__gedf2)
[...]
Memory Configuration

Name             Origin             Length             Attributes
flash            0x08000800         0x00008000         xr
sram             0x200000c0         0x00000f40         xrw
*default*        0x00000000         0xffffffff

Linker script and memory map

LOAD c:/天问block/twen32/tools/gcc-arm/bin/../lib/gcc/arm-none-eabi/5.2.1/armv6-m/crti.o
LOAD c:/天问block/twen32/tools/gcc-arm/bin/../lib/gcc/arm-none-eabi/5.2.1/armv6-m/crtbegin.o
LOAD c:/天问block/twen32/tools/gcc-arm/bin/../lib/gcc/arm-none-eabi/5.2.1/../../../../arm-none-eabi/lib/armv6-m/crt0.o
LOAD c:/天问block/twen32/tools/gcc-arm/bin/../lib/gcc/arm-none-eabi/5.2.1/armv6-m\libgcc.a
LOAD obj/Twen32_startup.o
LOAD obj/Twen32_handlers.o
LOAD obj/syscall.o
LOAD obj/TW32f0xx_hal.o
LOAD obj/TW32f0xx_hal_uart.o
LOAD obj/TW32f0xx_hal_rcc_ex.o
LOAD obj/TW32f0xx_hal_irda.o
LOAD obj/TW32f0xx_hal_usart.o
LOAD obj/TW32f0xx_hal_crc.o
LOAD obj/system_TW32f0xx.o
LOAD obj/TW32f0xx_hal_rtc_ex.o
LOAD obj/TW32f0xx_hal_flash.o
LOAD obj/TW32f0xx_hal_rcc.o
LOAD obj/TW32f0xx_hal_tim_ex.o
LOAD obj/TW32f0xx_hal_i2c.o
LOAD obj/TW32f0xx_hal_led.o
LOAD obj/TW32f0xx_hal_pwr.o
LOAD obj/TW32f0xx_hal_rtc.o
LOAD obj/TW32f0xx_hal_wwdg.o
LOAD obj/TW32f0xx_hal_dma.o
LOAD obj/TW32f0xx_hal_tim.o
LOAD obj/TW32f0xx_hal_adc_ex.o
LOAD obj/TW32f0xx_hal_cortex.o
LOAD obj/TW32f0xx_hal_exti.o
LOAD obj/TW32f0xx_hal_comp.o
LOAD obj/TW32f0xx_hal_gpio.o
LOAD obj/TW32f0xx_hal_spi.o
LOAD obj/TW32f0xx_hal_lptim.o
LOAD obj/TW32f0xx_hal_adc.o
LOAD obj/TW32f0xx_hal_iwdg.o
LOAD obj/dtostrf.o
LOAD obj/itoa.o
LOAD obj/wiring.o
LOAD obj/main.o
LOAD obj/HardwareSerial.o
LOAD obj/Stream.o
LOAD obj/Print.o
LOAD obj/WString.o
LOAD c:/天问block/twen32/tools/gcc-arm/bin/../lib/gcc/arm-none-eabi/5.2.1/../../../../arm-none-eabi/lib/armv6-m\libstdc++_nano.a
LOAD c:/天问block/twen32/tools/gcc-arm/bin/../lib/gcc/arm-none-eabi/5.2.1/../../../../arm-none-eabi/lib/armv6-m\libm.a
START GROUP
LOAD c:/天问block/twen32/tools/gcc-arm/bin/../lib/gcc/arm-none-eabi/5.2.1/armv6-m\libgcc.a
LOAD c:/天问block/twen32/tools/gcc-arm/bin/../lib/gcc/arm-none-eabi/5.2.1/../../../../arm-none-eabi/lib/armv6-m\libc_nano.a
END GROUP
START GROUP
LOAD c:/天问block/twen32/tools/gcc-arm/bin/../lib/gcc/arm-none-eabi/5.2.1/armv6-m\libgcc.a
LOAD c:/天问block/twen32/tools/gcc-arm/bin/../lib/gcc/arm-none-eabi/5.2.1/../../../../arm-none-eabi/lib/armv6-m\libc_nano.a
END GROUP
LOAD c:/天问block/twen32/tools/gcc-arm/bin/../lib/gcc/arm-none-eabi/5.2.1/armv6-m/crtend.o
LOAD c:/天问block/twen32/tools/gcc-arm/bin/../lib/gcc/arm-none-eabi/5.2.1/armv6-m/crtn.o
                0x20001000                sram_top = (ORIGIN (sram) + LENGTH (sram))

.text           0x08000800      0xeb0
 *(.irq_vectors)
 .irq_vectors   0x08000800       0xc0 obj/Twen32_handlers.o
                0x08000800                vectors
 *(.text*)
 .text          0x080008c0       0xb4 c:/天问block/twen32/tools/gcc-arm/bin/../lib/gcc/arm-none-eabi/5.2.1/armv6-m/crtbegin.o
 .text.boot_entry
                0x08000974       0x64 obj/Twen32_startup.o
                0x08000974                boot_entry
 .text.irq_undefined
                0x080009d8        0x2 obj/Twen32_handlers.o
                0x080009d8                TIM1_CC_IRQHandler
                0x080009d8                PVD_IRQHandler
                0x080009d8                I2C1_IRQHandler
                0x080009d8                RCC_CRS_IRQHandler
                0x080009d8                SPI1_IRQHandler
                0x080009d8                CAN_IRQHandler
                0x080009d8                EXTI2_3_IRQHandler
                0x080009d8                TIM17_IRQHandler
                0x080009d8                RTC_IRQHandler
                0x080009d8                irq_undefined
                0x080009d8                TIM16_IRQHandler
                0x080009d8                TIM3_IRQHandler
                0x080009d8                EXTI4_15_IRQHandler
                0x080009d8                DMA1_Channel1_IRQHandler
                0x080009d8                TIM14_IRQHandler
                0x080009d8                DMA1_Channel4_5_IRQHandler
                0x080009d8                EXTI0_1_IRQHandler
                0x080009d8                USB_IRQHandler
                0x080009d8                SPI2_IRQHandler
                0x080009d8                WWDG_IRQHandler
                0x080009d8                TIM2_IRQHandler
                0x080009d8                DMA1_Channel2_3_IRQHandler
                0x080009d8                ADC_COMP_IRQHandler
                0x080009d8                AES_IRQHandler
                0x080009d8                FLASH_IRQHandler
                0x080009d8                TIM1_BRK_UP_TRG_COM_IRQHandler
 .text.fault_undefined
                0x080009da        0x2 obj/Twen32_handlers.o
                0x080009da                PendSV_Handler
                0x080009da                NMI_Handler
                0x080009da                fault_undefined
                0x080009da                SVC_Handler
                0x080009da                HardFault_Handler
 .text._sbrk_r  0x080009dc       0x1c obj/syscall.o
                0x080009dc                _sbrk_r
 .text.millis   0x080009f8        0xc obj/wiring.o
                0x080009f8                millis
 .text.UART1_Init
                0x08000a04       0xc4 obj/wiring.o
                0x08000a04                UART1_Init
 .text.UART1_SendCh
                0x08000ac8       0x20 obj/wiring.o
                0x08000ac8                UART1_SendCh
 .text.UART2_Init
                0x08000ae8       0xb8 obj/wiring.o
                0x08000ae8                UART2_Init
 .text.UART2_SendCh
                0x08000ba0       0x20 obj/wiring.o
                0x08000ba0                UART2_SendCh
 .text.GPIO_Init
                0x08000bc0       0x66 obj/wiring.o
                0x08000bc0                GPIO_Init
 *fill*         0x08000c26        0x2 
 .text.pinMode  0x08000c28       0x98 obj/wiring.o
                0x08000c28                pinMode
 .text.digitalWrite
                0x08000cc0       0x34 obj/wiring.o
                0x08000cc0                digitalWrite
 .text.TW32F0xx_init
                0x08000cf4       0xa8 obj/wiring.o
                0x08000cf4                TW32F0xx_init
 .text.SysTick_Handler
                0x08000d9c       0x10 obj/wiring.o
                0x08000d9c                SysTick_Handler
 .text.startup._GLOBAL__sub_I_msg
                0x08000dac       0x28 obj/main.o
 .text.startup.main
                0x08000dd4       0x74 obj/main.o
                0x08000dd4                main
 .text._ZN14HardwareSerial9availableEv
                0x08000e48       0x20 obj/HardwareSerial.o
                0x08000e48                HardwareSerial::available()
 .text._ZN14HardwareSerial4peekEv
                0x08000e68       0x14 obj/HardwareSerial.o
                0x08000e68                HardwareSerial::peek()
 .text._ZN14HardwareSerial4readEv
                0x08000e7c       0x2c obj/HardwareSerial.o
                0x08000e7c                HardwareSerial::read()
 .text._ZN14HardwareSerial5flushEv
                0x08000ea8        0x8 obj/HardwareSerial.o
                0x08000ea8                HardwareSerial::flush()
 .text._ZN14HardwareSerial5writeEh
                0x08000eb0       0x2c obj/HardwareSerial.o
                0x08000eb0                HardwareSerial::write(unsigned char)
 .text.UART1_IRQHandler
                0x08000edc       0x3c obj/HardwareSerial.o
                0x08000edc                UART1_IRQHandler
 .text.UART2_IRQHandler
                0x08000f18       0x3c obj/HardwareSerial.o
                0x08000f18                UART2_IRQHandler
 .text._ZN14HardwareSerial5beginEm
                0x08000f54       0x28 obj/HardwareSerial.o
                0x08000f54                HardwareSerial::begin(unsigned long)
 .text.startup._GLOBAL__sub_I_rx_buffer1
                0x08000f7c       0x48 obj/HardwareSerial.o
 .text._ZN6Stream9timedReadEv
                0x08000fc4       0x2a obj/Stream.o
                0x08000fc4                Stream::timedRead()
 *fill*         0x08000fee        0x2 
 .text._ZN6Stream10readStringEv
                0x08000ff0       0x28 obj/Stream.o
                0x08000ff0                Stream::readString()
 .text._ZN5Print5writeEPKhj
                0x08001018       0x22 obj/Print.o
                0x08001018                Print::write(unsigned char const*, unsigned int)
 .text._ZN6StringD2Ev
                0x0800103a        0xe obj/WString.o
                0x0800103a                String::~String()
                0x0800103a                String::~String()
 .text._ZN6String10invalidateEv
                0x08001048       0x18 obj/WString.o
                0x08001048                String::invalidate()
 .text._ZN6String12changeBufferEj
                0x08001060       0x18 obj/WString.o
                0x08001060                String::changeBuffer(unsigned int)
 .text._ZN6String7reserveEj
                0x08001078       0x28 obj/WString.o
                0x08001078                String::reserve(unsigned int)
 .text._ZN6String4copyEPK19__FlashStringHelperj
                0x080010a0       0x28 obj/WString.o
                0x080010a0                String::copy(__FlashStringHelper const*, unsigned int)
 .text._ZN6StringC2EPKc
                0x080010c8       0x26 obj/WString.o
                0x080010c8                String::String(char const*)
                0x080010c8                String::String(char const*)
 .text._ZN6StringaSERKS_
                0x080010ee       0x20 obj/WString.o
                0x080010ee                String::operator=(String const&)
 .text._ZN6String6concatEPKcj
                0x0800110e       0x32 obj/WString.o
                0x0800110e                String::concat(char const*, unsigned int)
 .text._ZN6String6concatEc
                0x08001140       0x14 obj/WString.o
                0x08001140                String::concat(char)
 .text._ZNK6String6equalsEPKc
                0x08001154       0x2c obj/WString.o
                0x08001154                String::equals(char const*) const
 .text.__aeabi_atexit
                0x08001180        0xe c:/天问block/twen32/tools/gcc-arm/bin/../lib/gcc/arm-none-eabi/5.2.1/../../../../arm-none-eabi/lib/armv6-m\libstdc++_nano.a(atexit_arm.o)
                0x08001180                __aeabi_atexit
 *fill*         0x0800118e        0x2 
 .text          0x08001190      0x114 c:/天问block/twen32/tools/gcc-arm/bin/../lib/gcc/arm-none-eabi/5.2.1/armv6-m\libgcc.a(_udivsi3.o)
                0x08001190                __aeabi_uidiv
                0x08001190                __udivsi3
                0x0800129c                __aeabi_uidivmod
 .text          0x080012a4        0x4 c:/天问block/twen32/tools/gcc-arm/bin/../lib/gcc/arm-none-eabi/5.2.1/armv6-m\libgcc.a(_dvmd_tls.o)
                0x080012a4                __aeabi_idiv0
                0x080012a4                __aeabi_ldiv0
 .text.__cxa_atexit
                0x080012a8       0x1c c:/天问block/twen32/tools/gcc-arm/bin/../lib/gcc/arm-none-eabi/5.2.1/../../../../arm-none-eabi/lib/armv6-m\libc_nano.a(lib_a-cxa_atexit.o)
                0x080012a8                __cxa_atexit
 .text.free     0x080012c4       0x14 c:/天问block/twen32/tools/gcc-arm/bin/../lib/gcc/arm-none-eabi/5.2.1/../../../../arm-none-eabi/lib/armv6-m\libc_nano.a(lib_a-malloc.o)
                0x080012c4                free
 .text.memcpy   0x080012d8       0x12 c:/天问block/twen32/tools/gcc-arm/bin/../lib/gcc/arm-none-eabi/5.2.1/../../../../arm-none-eabi/lib/armv6-m\libc_nano.a(lib_a-memcpy-stub.o)
                0x080012d8                memcpy
 *fill*         0x080012ea        0x2 
 .text._free_r  0x080012ec       0x8c c:/天问block/twen32/tools/gcc-arm/bin/../lib/gcc/arm-none-eabi/5.2.1/../../../../arm-none-eabi/lib/armv6-m\libc_nano.a(lib_a-nano-freer.o)
                0x080012ec                _free_r
 .text._malloc_r
                0x08001378       0xac c:/天问block/twen32/tools/gcc-arm/bin/../lib/gcc/arm-none-eabi/5.2.1/../../../../arm-none-eabi/lib/armv6-m\libc_nano.a(lib_a-nano-mallocr.o)
                0x08001378                _malloc_r
 .text.realloc  0x08001424       0x14 c:/天问block/twen32/tools/gcc-arm/bin/../lib/gcc/arm-none-eabi/5.2.1/../../../../arm-none-eabi/lib/armv6-m\libc_nano.a(lib_a-realloc.o)
                0x08001424                realloc
 .text          0x08001438       0x14 c:/天问block/twen32/tools/gcc-arm/bin/../lib/gcc/arm-none-eabi/5.2.1/../../../../arm-none-eabi/lib/armv6-m\libc_nano.a(lib_a-strcmp.o)
                0x08001438                strcmp
 .text.strcpy   0x0800144c       0x10 c:/天问block/twen32/tools/gcc-arm/bin/../lib/gcc/arm-none-eabi/5.2.1/../../../../arm-none-eabi/lib/armv6-m\libc_nano.a(lib_a-strcpy.o)
                0x0800144c                strcpy
 .text          0x0800145c        0xe c:/天问block/twen32/tools/gcc-arm/bin/../lib/gcc/arm-none-eabi/5.2.1/../../../../arm-none-eabi/lib/armv6-m\libc_nano.a(lib_a-strlen.o)
                0x0800145c                strlen
 .text._realloc_r
                0x0800146a       0x4c c:/天问block/twen32/tools/gcc-arm/bin/../lib/gcc/arm-none-eabi/5.2.1/../../../../arm-none-eabi/lib/armv6-m\libc_nano.a(lib_a-nano-reallocr.o)
                0x0800146a                _realloc_r
 .text._malloc_usable_size_r
                0x080014b6       0x16 c:/天问block/twen32/tools/gcc-arm/bin/../lib/gcc/arm-none-eabi/5.2.1/../../../../arm-none-eabi/lib/armv6-m\libc_nano.a(lib_a-nano-msizer.o)
                0x080014b6                _malloc_usable_size_r
 *(.rodata*)
 .rodata.DIGITAL_PIN_PORT
                0x080014cc       0x94 obj/wiring.o
 .rodata.DIGITAL_PIN_NUM
                0x08001560       0x94 obj/wiring.o
                0x08001560                DIGITAL_PIN_NUM
 .rodata.str1.1
                0x080015f4        0xf obj/main.o
                                 0x10 (size before relaxing)
 *fill*         0x08001603        0x1 
 .rodata._ZTV14HardwareSerial
                0x08001604       0x20 obj/HardwareSerial.o
                0x08001604                vtable for HardwareSerial
 .rodata.str1.1
                0x08001624        0x1 obj/Stream.o
 .rodata.str1.1
                0x08001624        0x2 c:/天问block/twen32/tools/gcc-arm/bin/../lib/gcc/arm-none-eabi/5.2.1/../../../../arm-none-eabi/lib/armv6-m\libc_nano.a(lib_a-impure.o)
 *fill*         0x08001626        0x2 
 .rodata.__sf_fake_stdin
                0x08001628       0x20 c:/天问block/twen32/tools/gcc-arm/bin/../lib/gcc/arm-none-eabi/5.2.1/../../../../arm-none-eabi/lib/armv6-m\libc_nano.a(lib_a-findfp.o)
                0x08001628                __sf_fake_stdin
 .rodata.__sf_fake_stdout
                0x08001648       0x20 c:/天问block/twen32/tools/gcc-arm/bin/../lib/gcc/arm-none-eabi/5.2.1/../../../../arm-none-eabi/lib/armv6-m\libc_nano.a(lib_a-findfp.o)
                0x08001648                __sf_fake_stdout
 .rodata.__sf_fake_stderr
                0x08001668       0x20 c:/天问block/twen32/tools/gcc-arm/bin/../lib/gcc/arm-none-eabi/5.2.1/../../../../arm-none-eabi/lib/armv6-m\libc_nano.a(lib_a-findfp.o)
                0x08001668                __sf_fake_stderr
 *(.ARM.extab* .gnu.linkonce.armextab.*)
 *(.gcc_except_table)
 *(.eh_frame_hdr)
 *(.eh_frame)
 .eh_frame      0x08001688        0x0 c:/天问block/twen32/tools/gcc-arm/bin/../lib/gcc/arm-none-eabi/5.2.1/armv6-m/crtbegin.o
                0x08001688                . = ALIGN (0x4)
 *(.init)
 .init          0x08001688        0x4 c:/天问block/twen32/tools/gcc-arm/bin/../lib/gcc/arm-none-eabi/5.2.1/armv6-m/crti.o
                0x08001688                _init
 .init          0x0800168c        0x8 c:/天问block/twen32/tools/gcc-arm/bin/../lib/gcc/arm-none-eabi/5.2.1/armv6-m/crtn.o
                0x08001694                . = ALIGN (0x4)
                0x08001694                __preinit_array_start = .
 *(.preinit_array)
                0x08001694                __preinit_array_end = .
                0x08001694                . = ALIGN (0x4)
                0x08001694                __init_array_start = .
 *(SORT(.init_array.*))
 *(.init_array)
 .init_array    0x08001694        0x4 c:/天问block/twen32/tools/gcc-arm/bin/../lib/gcc/arm-none-eabi/5.2.1/armv6-m/crtbegin.o
 .init_array    0x08001698        0x4 obj/main.o
 .init_array    0x0800169c        0x4 obj/HardwareSerial.o
                0x080016a0                __init_array_end = .
                0x080016a0                . = ALIGN (0x4)
 *crtbegin.o(.ctors)
 *(EXCLUDE_FILE(*crtend.o) .ctors)
 *(SORT(.ctors.*))
 *crtend.o(.ctors)
                0x080016a0                . = ALIGN (0x4)
 *(.fini)
 .fini          0x080016a0        0x4 c:/天问block/twen32/tools/gcc-arm/bin/../lib/gcc/arm-none-eabi/5.2.1/armv6-m/crti.o
                0x080016a0                _fini
 .fini          0x080016a4        0x8 c:/天问block/twen32/tools/gcc-arm/bin/../lib/gcc/arm-none-eabi/5.2.1/armv6-m/crtn.o
                0x080016ac                . = ALIGN (0x4)
                0x080016ac                __fini_array_start = .
 *(.fini_array)
 .fini_array    0x080016ac        0x4 c:/天问block/twen32/tools/gcc-arm/bin/../lib/gcc/arm-none-eabi/5.2.1/armv6-m/crtbegin.o
 *(SORT(.fini_array.*))
                0x080016b0                __fini_array_end = .
 *crtbegin.o(.dtors)
 *(EXCLUDE_FILE(*crtend.o) .dtors)
 *(SORT(.dtors.*))
 *crtend.o(.dtors)

.glue_7         0x080016b0        0x0
 .glue_7        0x080016b0        0x0 linker stubs

.glue_7t        0x080016b0        0x0
 .glue_7t       0x080016b0        0x0 linker stubs

.vfp11_veneer   0x080016b0        0x0
 .vfp11_veneer  0x080016b0        0x0 linker stubs

.v4_bx          0x080016b0        0x0
 .v4_bx         0x080016b0        0x0 linker stubs

.iplt           0x080016b0        0x0
 .iplt          0x080016b0        0x0 c:/天问block/twen32/tools/gcc-arm/bin/../lib/gcc/arm-none-eabi/5.2.1/armv6-m/crtbegin.o

.rel.dyn        0x080016b0        0x0
 .rel.iplt      0x080016b0        0x0 c:/天问block/twen32/tools/gcc-arm/bin/../lib/gcc/arm-none-eabi/5.2.1/armv6-m/crtbegin.o

.ARM.extab
 *(.ARM.extab* .gnu.linkonce.armextab.*)
                0x080016b0                __exidx_start = .

.ARM.exidx
 *(.ARM.exidx* .gnu.linkonce.armexidx.*)
                0x080016b0                __exidx_end = .
                0x080016b0                _etext = .

.data           0x200000c0       0x68 load address 0x080016b0
                0x200000c0                _data = .
 *(vtable)
 *(.data*)
 .data          0x200000c0        0x4 c:/天问block/twen32/tools/gcc-arm/bin/../lib/gcc/arm-none-eabi/5.2.1/armv6-m/crtbegin.o
                0x200000c0                __dso_handle
 .data.impure_data
                0x200000c4       0x60 c:/天问block/twen32/tools/gcc-arm/bin/../lib/gcc/arm-none-eabi/5.2.1/../../../../arm-none-eabi/lib/armv6-m\libc_nano.a(lib_a-impure.o)
 .data._impure_ptr
                0x20000124        0x4 c:/天问block/twen32/tools/gcc-arm/bin/../lib/gcc/arm-none-eabi/5.2.1/../../../../arm-none-eabi/lib/armv6-m\libc_nano.a(lib_a-impure.o)
                0x20000124                _impure_ptr
                0x20000128                _edata = .

.jcr            0x20000128        0x0 load address 0x08001718
 .jcr           0x20000128        0x0 c:/天问block/twen32/tools/gcc-arm/bin/../lib/gcc/arm-none-eabi/5.2.1/armv6-m/crtbegin.o

.tm_clone_table
                0x20000128        0x0 load address 0x08001718
 .tm_clone_table
                0x20000128        0x0 c:/天问block/twen32/tools/gcc-arm/bin/../lib/gcc/arm-none-eabi/5.2.1/armv6-m/crtbegin.o
 .tm_clone_table
                0x20000128        0x0 c:/天问block/twen32/tools/gcc-arm/bin/../lib/gcc/arm-none-eabi/5.2.1/armv6-m/crtend.o

.igot.plt       0x20000128        0x0 load address 0x08001718
 .igot.plt      0x20000128        0x0 c:/天问block/twen32/tools/gcc-arm/bin/../lib/gcc/arm-none-eabi/5.2.1/armv6-m/crtbegin.o

.bss            0x20000128       0xf8 load address 0x08001718
                0x20000128                _bss = .
 *(.bss*)
 .bss           0x20000128       0x1c c:/天问block/twen32/tools/gcc-arm/bin/../lib/gcc/arm-none-eabi/5.2.1/armv6-m/crtbegin.o
 .bss.heap_ptr  0x20000144        0x4 obj/syscall.o
 .bss._systick_count
                0x20000148        0x4 obj/wiring.o
                0x20000148                _systick_count
 .bss.msg       0x2000014c        0xc obj/main.o
                0x2000014c                msg
 .bss.Serial1   0x20000158       0x18 obj/HardwareSerial.o
                0x20000158                Serial1
 .bss.Serial2   0x20000170       0x18 obj/HardwareSerial.o
                0x20000170                Serial2
 .bss.rx_buffer1
                0x20000188       0x48 obj/HardwareSerial.o
                0x20000188                rx_buffer1
 .bss.rx_buffer2
                0x200001d0       0x48 obj/HardwareSerial.o
                0x200001d0                rx_buffer2
 .bss.__malloc_sbrk_start
                0x20000218        0x4 c:/天问block/twen32/tools/gcc-arm/bin/../lib/gcc/arm-none-eabi/5.2.1/../../../../arm-none-eabi/lib/armv6-m\libc_nano.a(lib_a-nano-mallocr.o)
                0x20000218                __malloc_sbrk_start
 .bss.__malloc_free_list
                0x2000021c        0x4 c:/天问block/twen32/tools/gcc-arm/bin/../lib/gcc/arm-none-eabi/5.2.1/../../../../arm-none-eabi/lib/armv6-m\libc_nano.a(lib_a-nano-mallocr.o)
                0x2000021c                __malloc_free_list
 *(COMMON)
                0x20000220                _ebss = .
                0x20000220                end = .
                0x20000f80                stack_entry = (sram_top - 0x80)
OUTPUT(out/user.elf elf32-littlearm)

.ARM.attributes
                0x00000000       0x28
 .ARM.attributes
                0x00000000       0x1e c:/天问block/twen32/tools/gcc-arm/bin/../lib/gcc/arm-none-eabi/5.2.1/armv6-m/crti.o
 .ARM.attributes
                0x0000001e       0x2c c:/天问block/twen32/tools/gcc-arm/bin/../lib/gcc/arm-none-eabi/5.2.1/armv6-m/crtbegin.o
 .ARM.attributes
                0x0000004a       0x31 obj/Twen32_startup.o
 .ARM.attributes
                0x0000007b       0x31 obj/Twen32_handlers.o
 .ARM.attributes
                0x000000ac       0x31 obj/syscall.o
 .ARM.attributes
                0x000000dd       0x31 obj/wiring.o
 .ARM.attributes
                0x0000010e       0x31 obj/main.o
 .ARM.attributes
                0x0000013f       0x31 obj/HardwareSerial.o
 .ARM.attributes
                0x00000170       0x31 obj/Stream.o
 .ARM.attributes
                0x000001a1       0x31 obj/Print.o
 .ARM.attributes
                0x000001d2       0x31 obj/WString.o
 .ARM.attributes
                0x00000203       0x2c c:/天问block/twen32/tools/gcc-arm/bin/../lib/gcc/arm-none-eabi/5.2.1/../../../../arm-none-eabi/lib/armv6-m\libstdc++_nano.a(atexit_arm.o)
 .ARM.attributes
                0x0000022f       0x1e c:/天问block/twen32/tools/gcc-arm/bin/../lib/gcc/arm-none-eabi/5.2.1/armv6-m\libgcc.a(_udivsi3.o)
 .ARM.attributes
                0x0000024d       0x1e c:/天问block/twen32/tools/gcc-arm/bin/../lib/gcc/arm-none-eabi/5.2.1/armv6-m\libgcc.a(_dvmd_tls.o)
 .ARM.attributes
                0x0000026b       0x2c c:/天问block/twen32/tools/gcc-arm/bin/../lib/gcc/arm-none-eabi/5.2.1/../../../../arm-none-eabi/lib/armv6-m\libc_nano.a(lib_a-cxa_atexit.o)
 .ARM.attributes
                0x00000297       0x2c c:/天问block/twen32/tools/gcc-arm/bin/../lib/gcc/arm-none-eabi/5.2.1/../../../../arm-none-eabi/lib/armv6-m\libc_nano.a(lib_a-impure.o)
 .ARM.attributes
                0x000002c3       0x2c c:/天问block/twen32/tools/gcc-arm/bin/../lib/gcc/arm-none-eabi/5.2.1/../../../../arm-none-eabi/lib/armv6-m\libc_nano.a(lib_a-malloc.o)
 .ARM.attributes
                0x000002ef       0x2c c:/天问block/twen32/tools/gcc-arm/bin/../lib/gcc/arm-none-eabi/5.2.1/../../../../arm-none-eabi/lib/armv6-m\libc_nano.a(lib_a-memcpy-stub.o)
 .ARM.attributes
                0x0000031b       0x2c c:/天问block/twen32/tools/gcc-arm/bin/../lib/gcc/arm-none-eabi/5.2.1/../../../../arm-none-eabi/lib/armv6-m\libc_nano.a(lib_a-nano-freer.o)
 .ARM.attributes
                0x00000347       0x2c c:/天问block/twen32/tools/gcc-arm/bin/../lib/gcc/arm-none-eabi/5.2.1/../../../../arm-none-eabi/lib/armv6-m\libc_nano.a(lib_a-nano-mallocr.o)
 .ARM.attributes
                0x00000373       0x2c c:/天问block/twen32/tools/gcc-arm/bin/../lib/gcc/arm-none-eabi/5.2.1/../../../../arm-none-eabi/lib/armv6-m\libc_nano.a(lib_a-realloc.o)
 .ARM.attributes
                0x0000039f       0x1c c:/天问block/twen32/tools/gcc-arm/bin/../lib/gcc/arm-none-eabi/5.2.1/../../../../arm-none-eabi/lib/armv6-m\libc_nano.a(lib_a-strcmp.o)
 .ARM.attributes
                0x000003bb       0x2c c:/天问block/twen32/tools/gcc-arm/bin/../lib/gcc/arm-none-eabi/5.2.1/../../../../arm-none-eabi/lib/armv6-m\libc_nano.a(lib_a-strcpy.o)
 .ARM.attributes
                0x000003e7       0x1c c:/天问block/twen32/tools/gcc-arm/bin/../lib/gcc/arm-none-eabi/5.2.1/../../../../arm-none-eabi/lib/armv6-m\libc_nano.a(lib_a-strlen.o)
 .ARM.attributes
                0x00000403       0x2c c:/天问block/twen32/tools/gcc-arm/bin/../lib/gcc/arm-none-eabi/5.2.1/../../../../arm-none-eabi/lib/armv6-m\libc_nano.a(lib_a-findfp.o)
 .ARM.attributes
                0x0000042f       0x2c c:/天问block/twen32/tools/gcc-arm/bin/../lib/gcc/arm-none-eabi/5.2.1/../../../../arm-none-eabi/lib/armv6-m\libc_nano.a(lib_a-nano-reallocr.o)
 .ARM.attributes
                0x0000045b       0x2c c:/天问block/twen32/tools/gcc-arm/bin/../lib/gcc/arm-none-eabi/5.2.1/../../../../arm-none-eabi/lib/armv6-m\libc_nano.a(lib_a-nano-msizer.o)
 .ARM.attributes
                0x00000487       0x2c c:/天问block/twen32/tools/gcc-arm/bin/../lib/gcc/arm-none-eabi/5.2.1/armv6-m/crtend.o
 .ARM.attributes
                0x000004b3       0x1e c:/天问block/twen32/tools/gcc-arm/bin/../lib/gcc/arm-none-eabi/5.2.1/armv6-m/crtn.o

.comment        0x00000000       0x6e
 .comment       0x00000000       0x6e obj/Twen32_startup.o
                                 0x6f (size before relaxing)
 .comment       0x0000006e       0x6f obj/Twen32_handlers.o
 .comment       0x0000006e       0x6f obj/syscall.o
 .comment       0x0000006e       0x6f obj/wiring.o
 .comment       0x0000006e       0x6f obj/main.o
 .comment       0x0000006e       0x6f obj/HardwareSerial.o
 .comment       0x0000006e       0x6f obj/Stream.o
 .comment       0x0000006e       0x6f obj/Print.o
 .comment       0x0000006e       0x6f obj/WString.o

.debug_info     0x00000000     0xbe8f
 .debug_info    0x00000000      0x142 obj/Twen32_startup.o
 .debug_info    0x00000142       0x7e obj/Twen32_handlers.o
 .debug_info    0x000001c0      0xc61 obj/syscall.o
 .debug_info    0x00000e21      0xf25 obj/wiring.o
 .debug_info    0x00001d46     0x1638 obj/main.o
 .debug_info    0x0000337e     0x1ab7 obj/HardwareSerial.o
 .debug_info    0x00004e35     0x1a18 obj/Stream.o
 .debug_info    0x0000684d     0x21f9 obj/Print.o
 .debug_info    0x00008a46     0x3449 obj/WString.o

.debug_abbrev   0x00000000     0x1986
 .debug_abbrev  0x00000000       0xcc obj/Twen32_startup.o
 .debug_abbrev  0x000000cc       0x78 obj/Twen32_handlers.o
 .debug_abbrev  0x00000144      0x278 obj/syscall.o
 .debug_abbrev  0x000003bc      0x3a2 obj/wiring.o
 .debug_abbrev  0x0000075e      0x346 obj/main.o
 .debug_abbrev  0x00000aa4      0x406 obj/HardwareSerial.o
 .debug_abbrev  0x00000eaa      0x385 obj/Stream.o
 .debug_abbrev  0x0000122f      0x3a9 obj/Print.o
 .debug_abbrev  0x000015d8      0x3ae obj/WString.o

.debug_loc      0x00000000     0x43e6
 .debug_loc     0x00000000       0x2b obj/Twen32_startup.o
 .debug_loc     0x0000002b      0x200 obj/syscall.o
 .debug_loc     0x0000022b      0x424 obj/wiring.o
 .debug_loc     0x0000064f       0x8a obj/main.o
 .debug_loc     0x000006d9      0x304 obj/HardwareSerial.o
 .debug_loc     0x000009dd      0x881 obj/Stream.o
 .debug_loc     0x0000125e     0x12a2 obj/Print.o
 .debug_loc     0x00002500     0x1ee6 obj/WString.o

.debug_aranges  0x00000000      0x5e8
 .debug_aranges
                0x00000000       0x20 obj/Twen32_startup.o
 .debug_aranges
                0x00000020       0x28 obj/Twen32_handlers.o
 .debug_aranges
                0x00000048       0x78 obj/syscall.o
 .debug_aranges
                0x000000c0       0xb0 obj/wiring.o
 .debug_aranges
                0x00000170       0x28 obj/main.o
 .debug_aranges
                0x00000198       0x68 obj/HardwareSerial.o
 .debug_aranges
                0x00000200       0x98 obj/Stream.o
 .debug_aranges
                0x00000298       0xe0 obj/Print.o
 .debug_aranges
                0x00000378      0x270 obj/WString.o

.debug_ranges   0x00000000      0x9c8
 .debug_ranges  0x00000000       0x10 obj/Twen32_startup.o
 .debug_ranges  0x00000010       0x18 obj/Twen32_handlers.o
 .debug_ranges  0x00000028       0x68 obj/syscall.o
 .debug_ranges  0x00000090      0x160 obj/wiring.o
 .debug_ranges  0x000001f0       0x18 obj/main.o
 .debug_ranges  0x00000208      0x160 obj/HardwareSerial.o
 .debug_ranges  0x00000368       0xa0 obj/Stream.o
 .debug_ranges  0x00000408      0x148 obj/Print.o
 .debug_ranges  0x00000550      0x478 obj/WString.o

.debug_line     0x00000000     0x1d83
 .debug_line    0x00000000       0x65 obj/Twen32_startup.o
 .debug_line    0x00000065       0x58 obj/Twen32_handlers.o
 .debug_line    0x000000bd      0x23c obj/syscall.o
 .debug_line    0x000002f9      0x4ac obj/wiring.o
 .debug_line    0x000007a5      0x1c2 obj/main.o
 .debug_line    0x00000967      0x313 obj/HardwareSerial.o
 .debug_line    0x00000c7a      0x367 obj/Stream.o
 .debug_line    0x00000fe1      0x458 obj/Print.o
 .debug_line    0x00001439      0x94a obj/WString.o

.debug_str      0x00000000     0x251f
 .debug_str     0x00000000      0x191 obj/Twen32_startup.o
                                0x1d0 (size before relaxing)
 .debug_str     0x00000191       0x4c obj/Twen32_handlers.o
                                0x115 (size before relaxing)
 .debug_str     0x000001dd      0x4c1 obj/syscall.o
                                0x681 (size before relaxing)
 .debug_str     0x0000069e      0x5e8 obj/wiring.o
                                0x7b5 (size before relaxing)
 .debug_str     0x00000c86      0xd9e obj/main.o
                                0xff0 (size before relaxing)
 .debug_str     0x00001a24      0x2ad obj/HardwareSerial.o
                               0x11d6 (size before relaxing)
 .debug_str     0x00001cd1       0x72 obj/Stream.o
                                0xe5f (size before relaxing)
 .debug_str     0x00001d43      0x384 obj/Print.o
                                0xee9 (size before relaxing)
 .debug_str     0x000020c7      0x458 obj/WString.o
                                0xf80 (size before relaxing)

.debug_frame    0x00000000     0x1434
 .debug_frame   0x00000000       0x2c obj/Twen32_startup.o
 .debug_frame   0x0000002c       0x30 obj/Twen32_handlers.o
 .debug_frame   0x0000005c       0xd8 obj/syscall.o
 .debug_frame   0x00000134      0x1f4 obj/wiring.o
 .debug_frame   0x00000328       0x4c obj/main.o
 .debug_frame   0x00000374       0xd8 obj/HardwareSerial.o
 .debug_frame   0x0000044c      0x1d8 obj/Stream.o
 .debug_frame   0x00000624      0x300 obj/Print.o
 .debug_frame   0x00000924      0x7e4 obj/WString.o
 .debug_frame   0x00001108       0x28 c:/天问block/twen32/tools/gcc-arm/bin/../lib/gcc/arm-none-eabi/5.2.1/../../../../arm-none-eabi/lib/armv6-m\libstdc++_nano.a(atexit_arm.o)
 .debug_frame   0x00001130       0x20 c:/天问block/twen32/tools/gcc-arm/bin/../lib/gcc/arm-none-eabi/5.2.1/armv6-m\libgcc.a(_udivsi3.o)
 .debug_frame   0x00001150       0x2c c:/天问block/twen32/tools/gcc-arm/bin/../lib/gcc/arm-none-eabi/5.2.1/../../../../arm-none-eabi/lib/armv6-m\libc_nano.a(lib_a-cxa_atexit.o)
 .debug_frame   0x0000117c       0x40 c:/天问block/twen32/tools/gcc-arm/bin/../lib/gcc/arm-none-eabi/5.2.1/../../../../arm-none-eabi/lib/armv6-m\libc_nano.a(lib_a-malloc.o)
 .debug_frame   0x000011bc       0x28 c:/天问block/twen32/tools/gcc-arm/bin/../lib/gcc/arm-none-eabi/5.2.1/../../../../arm-none-eabi/lib/armv6-m\libc_nano.a(lib_a-memcpy-stub.o)
 .debug_frame   0x000011e4       0x2c c:/天问block/twen32/tools/gcc-arm/bin/../lib/gcc/arm-none-eabi/5.2.1/../../../../arm-none-eabi/lib/armv6-m\libc_nano.a(lib_a-nano-freer.o)
 .debug_frame   0x00001210       0x2c c:/天问block/twen32/tools/gcc-arm/bin/../lib/gcc/arm-none-eabi/5.2.1/../../../../arm-none-eabi/lib/armv6-m\libc_nano.a(lib_a-nano-mallocr.o)
 .debug_frame   0x0000123c       0x28 c:/天问block/twen32/tools/gcc-arm/bin/../lib/gcc/arm-none-eabi/5.2.1/../../../../arm-none-eabi/lib/armv6-m\libc_nano.a(lib_a-realloc.o)
 .debug_frame   0x00001264       0x20 c:/天问block/twen32/tools/gcc-arm/bin/../lib/gcc/arm-none-eabi/5.2.1/../../../../arm-none-eabi/lib/armv6-m\libc_nano.a(lib_a-strcmp.o)
 .debug_frame   0x00001284       0x20 c:/天问block/twen32/tools/gcc-arm/bin/../lib/gcc/arm-none-eabi/5.2.1/../../../../arm-none-eabi/lib/armv6-m\libc_nano.a(lib_a-strcpy.o)
 .debug_frame   0x000012a4      0x140 c:/天问block/twen32/tools/gcc-arm/bin/../lib/gcc/arm-none-eabi/5.2.1/../../../../arm-none-eabi/lib/armv6-m\libc_nano.a(lib_a-findfp.o)
 .debug_frame   0x000013e4       0x30 c:/天问block/twen32/tools/gcc-arm/bin/../lib/gcc/arm-none-eabi/5.2.1/../../../../arm-none-eabi/lib/armv6-m\libc_nano.a(lib_a-nano-reallocr.o)
 .debug_frame   0x00001414       0x20 c:/天问block/twen32/tools/gcc-arm/bin/../lib/gcc/arm-none-eabi/5.2.1/../../../../arm-none-eabi/lib/armv6-m\libc_nano.a(lib_a-nano-msizer.o)
